[paul-themes.com/html/gilber/index04b9.html]
[backblue.gif]
[fade.gif]
[index.html]
[paul-themes.com/html/gilber/assets/img/root/favicon.svg]
[paul-themes.com/html/gilber/assets/css/framework/bootstrap.min.css]
[paul-themes.com/html/gilber/assets/fonts/Gilroy/style.css]
[paul-themes.com/html/gilber/assets/fonts/LineIcons/Pro-Regular/font-css/LineIcons.css]
[paul-themes.com/html/gilber/assets/css/vlt-plugins.min.css]
[paul-themes.com/html/gilber/assets/css/vlt-main.min.css]
[paul-themes.com/html/gilber/index.html]
[paul-themes.com/html/gilber/assets/img/root/logo.svg]
[paul-themes.com/html/gilber/assets/img/home.jpg]
[paul-themes.com/html/gilber/assets/img/home-mobile.jpg]
[paul-themes.com/html/gilber/assets/img/project-01.jpg]
[paul-themes.com/html/gilber/assets/img/project-02.jpg]
[paul-themes.com/html/gilber/assets/img/project-03.jpg]
[paul-themes.com/html/gilber/single-product.html]
[paul-themes.com/html/gilber/assets/img/root/behance.png]
[paul-themes.com/html/gilber/assets/img/root/envato.png]
[paul-themes.com/html/gilber/assets/img/root/twitter.png]
[paul-themes.com/html/gilber/assets/img/testimonials.jpg]
[paul-themes.com/html/gilber/assets/img/root/logo-01.png]
[paul-themes.com/html/gilber/assets/img/root/logo-02.png]
[paul-themes.com/html/gilber/assets/img/root/logo-03.png]
[paul-themes.com/html/gilber/assets/img/root/logo-04.png]
[paul-themes.com/html/gilber/assets/img/root/logo-05.png]
[paul-themes.com/html/gilber/assets/img/root/logo-06.png]
[paul-themes.com/html/gilber/assets/img/root/logo-07.png]
[paul-themes.com/html/gilber/assets/img/root/logo-08.png]
[paul-themes.com/html/gilber/assets/img/blog-01.jpg]
[paul-themes.com/html/gilber/single-post.html]
[paul-themes.com/html/gilber/assets/img/blog-02.jpg]
[paul-themes.com/html/gilber/assets/img/blog-03.jpg]
[paul-themes.com/html/gilber/assets/img/contact.jpg]
[paul-themes.com/cdn-cgi/scripts/5c5dd728/cloudflare-static/email-decode.min.js]
[paul-themes.com/html/gilber/assets/vendors/jquery-3.5.1.min.js]
[paul-themes.com/html/gilber/assets/scripts/vlt-helpers.js]
[paul-themes.com/html/gilber/assets/scripts/vlt-controllers.min.js]
[paul-themes.com/html/gilber/index04b9.html]
[paul-themes.com/html/gilber/assets/img/root/favicon.svg]
[paul-themes.com/html/gilber/assets/css/framework/bootstrap.min.css]
[paul-themes.com/html/gilber/assets/fonts/Gilroy/Gilroy-Regular.woff]
[paul-themes.com/html/gilber/assets/scripts/vlt-plugins.min.js]
[paul-themes.com/html/gilber/assets/fonts/Gilroy/Gilroy-Medium.woff]
[paul-themes.com/html/gilber/assets/fonts/Gilroy/style.css]
[paul-themes.com/html/gilber/assets/fonts/Gilroy/Gilroy-SemiBold.woff]
[paul-themes.com/html/gilber/assets/fonts/LineIcons/Pro-Regular/fonts/LineIconsPro Regular.eot]
[paul-themes.com/html/gilber/assets/fonts/LineIcons/Pro-Regular/fonts/LineIconsPro Regular.woff]
[paul-themes.com/html/gilber/assets/fonts/LineIcons/Pro-Regular/fonts/LineIconsPro Regular.svg]
[paul-themes.com/html/gilber/assets/fonts/LineIcons/Pro-Regular/font-css/LineIcons.css]
[paul-themes.com/html/gilber/assets/css/vlt-plugins.min.css]
[paul-themes.com/html/gilber/assets/css/vlt-main.min.css]
[paul-themes.com/html/gilber/assets/css/custom.css]
[paul-themes.com/html/gilber/index.html]
[paul-themes.com/html/gilber/assets/img/root/logo.svg]
[paul-themes.com/html/gilber/assets/img/single-product-01.jpg]
[paul-themes.com/html/gilber/assets/img/single-product-02.jpg]
[paul-themes.com/html/gilber/assets/img/single-product-03.jpg]
[paul-themes.com/html/gilber/assets/fonts/LineIcons/Pro-Regular/fonts/LineIconsPro Regular.ttf]
[paul-themes.com/html/gilber/assets/img/single-product-04.jpg]
[paul-themes.com/html/gilber/single-product.html]
[paul-themes.com/html/gilber/assets/img/single-post-01.jpg]
[paul-themes.com/html/gilber/assets/img/single-post-02.jpg]
[paul-themes.com/html/gilber/assets/img/single-post-03.jpg]
[paul-themes.com/html/gilber/assets/img/avatar-01.png]
[paul-themes.com/html/gilber/assets/img/avatar-02.png]
[paul-themes.com/html/gilber/single-post.html]
[paul-themes.com/html/gilber/assets/fonts/LineIcons/Pro-Regular/fonts/LineIconsPro Regular.html]
[paul-themes.com/html/gilber/assets/fonts/LineIcons/Pro-Regular/fonts/LineIconsPro Regular.svg]
